[
  {
    "__entity_type__": "Schema",
    "id": "22e77f90-57c5-11e5-8a87-42010af0e994",
    "statuses": [
      {
        "__entity_type__": "SchemaStatus",
        "status_id": "44dd9fb2-4164-11df-9218-0019bb4983d8",
        "schema_id": "22e77f90-57c5-11e5-8a87-42010af0e994"
      },
      {
        "__entity_type__": "SchemaStatus",
        "status_id": "44ddd0fe-4164-11df-9218-0019bb4983d8",
        "schema_id": "22e77f90-57c5-11e5-8a87-42010af0e994"
      },
      {
        "__entity_type__": "SchemaStatus",
        "status_id": "9bb65936-88e7-11e3-9264-04011030cf01",
        "schema_id": "22e77f90-57c5-11e5-8a87-42010af0e994"
      },
      {
        "__entity_type__": "SchemaStatus",
        "status_id": "a0bc2444-15e2-11e1-b21a-0019bb4983d8",
        "schema_id": "22e77f90-57c5-11e5-8a87-42010af0e994"
      },
      {
        "__entity_type__": "SchemaStatus",
        "status_id": "a0bc3f24-15e2-11e1-b21a-0019bb4983d8",
        "schema_id": "22e77f90-57c5-11e5-8a87-42010af0e994"
      }
    ],
    "types": [],
    "type_id": "bad911de-3bd6-47b9-8b46-3476e237cb36",
    "object_type_id": "bad911de-3bd6-47b9-8b46-3476e237cb36",
    "project_schema_id": "caddd816-acb5-11e1-8668-f23c91df1211"
  },
  {
    "__entity_type__": "Schema",
    "id": "22edfc08-57c5-11e5-8a87-42010af0e994",
    "statuses": [
      {
        "__entity_type__": "SchemaStatus",
        "status_id": "44dd9fb2-4164-11df-9218-0019bb4983d8",
        "schema_id": "22edfc08-57c5-11e5-8a87-42010af0e994"
      },
      {
        "__entity_type__": "SchemaStatus",
        "status_id": "44ddd0fe-4164-11df-9218-0019bb4983d8",
        "schema_id": "22edfc08-57c5-11e5-8a87-42010af0e994"
      },
      {
        "__entity_type__": "SchemaStatus",
        "status_id": "9bb65936-88e7-11e3-9264-04011030cf01",
        "schema_id": "22edfc08-57c5-11e5-8a87-42010af0e994"
      }
    ],
    "types": [
      {
        "__entity_type__": "SchemaType",
        "type_id": "262225e8-9dcb-11e9-82b8-d27cf242b68b",
        "schema_id": "22edfc08-57c5-11e5-8a87-42010af0e994"
      },
      {
        "__entity_type__": "SchemaType",
        "type_id": "44dc3636-4164-11df-9218-0019bb4983d8",
        "schema_id": "22edfc08-57c5-11e5-8a87-42010af0e994"
      },
      {
        "__entity_type__": "SchemaType",
        "type_id": "44dc53c8-4164-11df-9218-0019bb4983d8",
        "schema_id": "22edfc08-57c5-11e5-8a87-42010af0e994"
      },
      {
        "__entity_type__": "SchemaType",
        "type_id": "44dc6ffc-4164-11df-9218-0019bb4983d8",
        "schema_id": "22edfc08-57c5-11e5-8a87-42010af0e994"
      },
      {
        "__entity_type__": "SchemaType",
        "type_id": "44dc8cd0-4164-11df-9218-0019bb4983d8",
        "schema_id": "22edfc08-57c5-11e5-8a87-42010af0e994"
      },
      {
        "__entity_type__": "SchemaType",
        "type_id": "44dcea86-4164-11df-9218-0019bb4983d8",
        "schema_id": "22edfc08-57c5-11e5-8a87-42010af0e994"
      },
      {
        "__entity_type__": "SchemaType",
        "type_id": "44dd08fe-4164-11df-9218-0019bb4983d8",
        "schema_id": "22edfc08-57c5-11e5-8a87-42010af0e994"
      },
      {
        "__entity_type__": "SchemaType",
        "type_id": "44dd23b6-4164-11df-9218-0019bb4983d8",
        "schema_id": "22edfc08-57c5-11e5-8a87-42010af0e994"
      },
      {
        "__entity_type__": "SchemaType",
        "type_id": "44dd3ed2-4164-11df-9218-0019bb4983d8",
        "schema_id": "22edfc08-57c5-11e5-8a87-42010af0e994"
      },
      {
        "__entity_type__": "SchemaType",
        "type_id": "44dd5868-4164-11df-9218-0019bb4983d8",
        "schema_id": "22edfc08-57c5-11e5-8a87-42010af0e994"
      },
      {
        "__entity_type__": "SchemaType",
        "type_id": "56807358-a0f4-11e9-9843-d27cf242b68b",
        "schema_id": "22edfc08-57c5-11e5-8a87-42010af0e994"
      },
      {
        "__entity_type__": "SchemaType",
        "type_id": "a3ead45c-ae42-11e9-9454-d27cf242b68b",
        "schema_id": "22edfc08-57c5-11e5-8a87-42010af0e994"
      },
      {
        "__entity_type__": "SchemaType",
        "type_id": "a750a84f-b253-11eb-ad41-1e003a0c2434",
        "schema_id": "22edfc08-57c5-11e5-8a87-42010af0e994"
      },
      {
        "__entity_type__": "SchemaType",
        "type_id": "ae1e2480-f24e-11e2-bd1f-f23c91dfaa16",
        "schema_id": "22edfc08-57c5-11e5-8a87-42010af0e994"
      },
      {
        "__entity_type__": "SchemaType",
        "type_id": "b628a004-ad7d-11e1-896c-f23c91df1211",
        "schema_id": "22edfc08-57c5-11e5-8a87-42010af0e994"
      },
      {
        "__entity_type__": "SchemaType",
        "type_id": "c3bcfdb4-ad7d-11e1-a444-f23c91df1211",
        "schema_id": "22edfc08-57c5-11e5-8a87-42010af0e994"
      },
      {
        "__entity_type__": "SchemaType",
        "type_id": "cc46c4c6-13d2-11e3-8915-f23c91dfaa16",
        "schema_id": "22edfc08-57c5-11e5-8a87-42010af0e994"
      },
      {
        "__entity_type__": "SchemaType",
        "type_id": "ffaebf7a-9dca-11e9-8346-d27cf242b68b",
        "schema_id": "22edfc08-57c5-11e5-8a87-42010af0e994"
      }
    ],
    "type_id": "01decdd1-51cb-11e3-9d5b-20c9d0831e59",
    "object_type_id": "01decdd1-51cb-11e3-9d5b-20c9d0831e59",
    "project_schema_id": "caddd816-acb5-11e1-8668-f23c91df1211"
  },
  {
    "__entity_type__": "Schema",
    "id": "45b4130c-6af3-11eb-b477-169be7b6c453",
    "statuses": [
      {
        "__entity_type__": "SchemaStatus",
        "status_id": "44dd9fb2-4164-11df-9218-0019bb4983d8",
        "schema_id": "45b4130c-6af3-11eb-b477-169be7b6c453"
      },
      {
        "__entity_type__": "SchemaStatus",
        "status_id": "44ddd0fe-4164-11df-9218-0019bb4983d8",
        "schema_id": "45b4130c-6af3-11eb-b477-169be7b6c453"
      },
      {
        "__entity_type__": "SchemaStatus",
        "status_id": "9bb65936-88e7-11e3-9264-04011030cf01",
        "schema_id": "45b4130c-6af3-11eb-b477-169be7b6c453"
      },
      {
        "__entity_type__": "SchemaStatus",
        "status_id": "a0bc2444-15e2-11e1-b21a-0019bb4983d8",
        "schema_id": "45b4130c-6af3-11eb-b477-169be7b6c453"
      },
      {
        "__entity_type__": "SchemaStatus",
        "status_id": "a0bc3f24-15e2-11e1-b21a-0019bb4983d8",
        "schema_id": "45b4130c-6af3-11eb-b477-169be7b6c453"
      }
    ],
    "types": [],
    "type_id": "bad911de-3bd6-47b9-8b46-3476e237cb36",
    "object_type_id": "bad911de-3bd6-47b9-8b46-3476e237cb36",
    "project_schema_id": "9c77018e-6af0-11eb-b045-169be7b6c453"
  },
  {
    "__entity_type__": "Schema",
    "id": "62641400-40cd-11ed-a028-8e70b81a65da",
    "statuses": [
      {
        "__entity_type__": "SchemaStatus",
        "status_id": "44dd9fb2-4164-11df-9218-0019bb4983d8",
        "schema_id": "62641400-40cd-11ed-a028-8e70b81a65da"
      },
      {
        "__entity_type__": "SchemaStatus",
        "status_id": "44ddd0fe-4164-11df-9218-0019bb4983d8",
        "schema_id": "62641400-40cd-11ed-a028-8e70b81a65da"
      },
      {
        "__entity_type__": "SchemaStatus",
        "status_id": "9bb65936-88e7-11e3-9264-04011030cf01",
        "schema_id": "62641400-40cd-11ed-a028-8e70b81a65da"
      },
      {
        "__entity_type__": "SchemaStatus",
        "status_id": "a0bc2444-15e2-11e1-b21a-0019bb4983d8",
        "schema_id": "62641400-40cd-11ed-a028-8e70b81a65da"
      },
      {
        "__entity_type__": "SchemaStatus",
        "status_id": "a0bc3f24-15e2-11e1-b21a-0019bb4983d8",
        "schema_id": "62641400-40cd-11ed-a028-8e70b81a65da"
      }
    ],
    "types": [
      {
        "__entity_type__": "SchemaType",
        "type_id": "0e996e82-6662-11ed-a73a-92ba0fc0dc3d",
        "schema_id": "62641400-40cd-11ed-a028-8e70b81a65da"
      },
      {
        "__entity_type__": "SchemaType",
        "type_id": "56807358-a0f4-11e9-9843-d27cf242b68b",
        "schema_id": "62641400-40cd-11ed-a028-8e70b81a65da"
      }
    ],
    "type_id": "4be63b64-5010-42fb-bf1f-428af9d638f0",
    "object_type_id": "4be63b64-5010-42fb-bf1f-428af9d638f0",
    "project_schema_id": "05dece3c-40cd-11ed-a028-8e70b81a65da"
  },
  {
    "__entity_type__": "Schema",
    "id": "66d53188-13c6-11e3-abf2-f23c91dfaa16",
    "statuses": [
      {
        "__entity_type__": "SchemaStatus",
        "status_id": "44dd9fb2-4164-11df-9218-0019bb4983d8",
        "schema_id": "66d53188-13c6-11e3-abf2-f23c91dfaa16"
      },
      {
        "__entity_type__": "SchemaStatus",
        "status_id": "44ddd0fe-4164-11df-9218-0019bb4983d8",
        "schema_id": "66d53188-13c6-11e3-abf2-f23c91dfaa16"
      },
      {
        "__entity_type__": "SchemaStatus",
        "status_id": "9bb65936-88e7-11e3-9264-04011030cf01",
        "schema_id": "66d53188-13c6-11e3-abf2-f23c91dfaa16"
      }
    ],
    "types": [
      {
        "__entity_type__": "SchemaType",
        "type_id": "66d145f0-13c6-11e3-abf2-f23c91dfaa16",
        "schema_id": "66d53188-13c6-11e3-abf2-f23c91dfaa16"
      },
      {
        "__entity_type__": "SchemaType",
        "type_id": "66d1aedc-13c6-11e3-abf2-f23c91dfaa16",
        "schema_id": "66d53188-13c6-11e3-abf2-f23c91dfaa16"
      },
      {
        "__entity_type__": "SchemaType",
        "type_id": "66d1daba-13c6-11e3-abf2-f23c91dfaa16",
        "schema_id": "66d53188-13c6-11e3-abf2-f23c91dfaa16"
      },
      {
        "__entity_type__": "SchemaType",
        "type_id": "66d2038c-13c6-11e3-abf2-f23c91dfaa16",
        "schema_id": "66d53188-13c6-11e3-abf2-f23c91dfaa16"
      },
      {
        "__entity_type__": "SchemaType",
        "type_id": "8c39f908-8b4c-11eb-9cdb-c2ffbce28b68",
        "schema_id": "66d53188-13c6-11e3-abf2-f23c91dfaa16"
      }
    ],
    "type_id": "4be63b64-5010-42fb-bf1f-428af9d638f0",
    "object_type_id": "4be63b64-5010-42fb-bf1f-428af9d638f0",
    "project_schema_id": "caddd816-acb5-11e1-8668-f23c91df1211"
  },
  {
    "__entity_type__": "Schema",
    "id": "685ebee0-40ce-11ed-a028-8e70b81a65da",
    "statuses": [
      {
        "__entity_type__": "SchemaStatus",
        "status_id": "44dd9fb2-4164-11df-9218-0019bb4983d8",
        "schema_id": "685ebee0-40ce-11ed-a028-8e70b81a65da"
      },
      {
        "__entity_type__": "SchemaStatus",
        "status_id": "44ddd0fe-4164-11df-9218-0019bb4983d8",
        "schema_id": "685ebee0-40ce-11ed-a028-8e70b81a65da"
      },
      {
        "__entity_type__": "SchemaStatus",
        "status_id": "9bb65936-88e7-11e3-9264-04011030cf01",
        "schema_id": "685ebee0-40ce-11ed-a028-8e70b81a65da"
      },
      {
        "__entity_type__": "SchemaStatus",
        "status_id": "a0bc2444-15e2-11e1-b21a-0019bb4983d8",
        "schema_id": "685ebee0-40ce-11ed-a028-8e70b81a65da"
      },
      {
        "__entity_type__": "SchemaStatus",
        "status_id": "a0bc3f24-15e2-11e1-b21a-0019bb4983d8",
        "schema_id": "685ebee0-40ce-11ed-a028-8e70b81a65da"
      }
    ],
    "types": [],
    "type_id": "22139355-61da-4c8f-9db4-3abc870166bc",
    "object_type_id": "22139355-61da-4c8f-9db4-3abc870166bc",
    "project_schema_id": "9c77018e-6af0-11eb-b045-169be7b6c453"
  },
  {
    "__entity_type__": "Schema",
    "id": "685ec2dc-40ce-11ed-a028-8e70b81a65da",
    "statuses": [
      {
        "__entity_type__": "SchemaStatus",
        "status_id": "44dd9fb2-4164-11df-9218-0019bb4983d8",
        "schema_id": "685ec2dc-40ce-11ed-a028-8e70b81a65da"
      },
      {
        "__entity_type__": "SchemaStatus",
        "status_id": "44ddd0fe-4164-11df-9218-0019bb4983d8",
        "schema_id": "685ec2dc-40ce-11ed-a028-8e70b81a65da"
      },
      {
        "__entity_type__": "SchemaStatus",
        "status_id": "9bb65936-88e7-11e3-9264-04011030cf01",
        "schema_id": "685ec2dc-40ce-11ed-a028-8e70b81a65da"
      },
      {
        "__entity_type__": "SchemaStatus",
        "status_id": "a0bc2444-15e2-11e1-b21a-0019bb4983d8",
        "schema_id": "685ec2dc-40ce-11ed-a028-8e70b81a65da"
      },
      {
        "__entity_type__": "SchemaStatus",
        "status_id": "a0bc3f24-15e2-11e1-b21a-0019bb4983d8",
        "schema_id": "685ec2dc-40ce-11ed-a028-8e70b81a65da"
      }
    ],
    "types": [],
    "type_id": "22139355-61da-4c8f-9db4-3abc870166bc",
    "object_type_id": "22139355-61da-4c8f-9db4-3abc870166bc",
    "project_schema_id": "caddd816-acb5-11e1-8668-f23c91df1211"
  },
  {
    "__entity_type__": "Schema",
    "id": "a9e41ce4-bd5c-11eb-aa52-d6270330280e",
    "statuses": [
      {
        "__entity_type__": "SchemaStatus",
        "status_id": "44dd9fb2-4164-11df-9218-0019bb4983d8",
        "schema_id": "a9e41ce4-bd5c-11eb-aa52-d6270330280e"
      },
      {
        "__entity_type__": "SchemaStatus",
        "status_id": "44ddd0fe-4164-11df-9218-0019bb4983d8",
        "schema_id": "a9e41ce4-bd5c-11eb-aa52-d6270330280e"
      },
      {
        "__entity_type__": "SchemaStatus",
        "status_id": "9bb65936-88e7-11e3-9264-04011030cf01",
        "schema_id": "a9e41ce4-bd5c-11eb-aa52-d6270330280e"
      },
      {
        "__entity_type__": "SchemaStatus",
        "status_id": "a0bc2444-15e2-11e1-b21a-0019bb4983d8",
        "schema_id": "a9e41ce4-bd5c-11eb-aa52-d6270330280e"
      },
      {
        "__entity_type__": "SchemaStatus",
        "status_id": "a0bc3f24-15e2-11e1-b21a-0019bb4983d8",
        "schema_id": "a9e41ce4-bd5c-11eb-aa52-d6270330280e"
      }
    ],
    "types": [],
    "type_id": "bad911de-3bd6-47b9-8b46-3476e237cb36",
    "object_type_id": "bad911de-3bd6-47b9-8b46-3476e237cb36",
    "project_schema_id": "d735496c-bd5b-11eb-8fe6-d6270330280e"
  },
  {
    "__entity_type__": "Schema",
    "id": "afeb7934-bd5c-11eb-bf2f-d6270330280e",
    "statuses": [
      {
        "__entity_type__": "SchemaStatus",
        "status_id": "44dd9fb2-4164-11df-9218-0019bb4983d8",
        "schema_id": "afeb7934-bd5c-11eb-bf2f-d6270330280e"
      },
      {
        "__entity_type__": "SchemaStatus",
        "status_id": "44ddd0fe-4164-11df-9218-0019bb4983d8",
        "schema_id": "afeb7934-bd5c-11eb-bf2f-d6270330280e"
      },
      {
        "__entity_type__": "SchemaStatus",
        "status_id": "9078de1a-40ce-11ed-a028-8e70b81a65da",
        "schema_id": "afeb7934-bd5c-11eb-bf2f-d6270330280e"
      },
      {
        "__entity_type__": "SchemaStatus",
        "status_id": "9bb65936-88e7-11e3-9264-04011030cf01",
        "schema_id": "afeb7934-bd5c-11eb-bf2f-d6270330280e"
      },
      {
        "__entity_type__": "SchemaStatus",
        "status_id": "a0bc2444-15e2-11e1-b21a-0019bb4983d8",
        "schema_id": "afeb7934-bd5c-11eb-bf2f-d6270330280e"
      },
      {
        "__entity_type__": "SchemaStatus",
        "status_id": "a0bc3f24-15e2-11e1-b21a-0019bb4983d8",
        "schema_id": "afeb7934-bd5c-11eb-bf2f-d6270330280e"
      }
    ],
    "types": [],
    "type_id": "34b122f0-bd5c-11eb-96ea-d6270330280e",
    "object_type_id": "34b122f0-bd5c-11eb-96ea-d6270330280e",
    "project_schema_id": "d735496c-bd5b-11eb-8fe6-d6270330280e"
  },
  {
    "__entity_type__": "Schema",
    "id": "c4a30bc6-bd5c-11eb-a3da-d6270330280e",
    "statuses": [
      {
        "__entity_type__": "SchemaStatus",
        "status_id": "44dd9fb2-4164-11df-9218-0019bb4983d8",
        "schema_id": "c4a30bc6-bd5c-11eb-a3da-d6270330280e"
      },
      {
        "__entity_type__": "SchemaStatus",
        "status_id": "44ddd0fe-4164-11df-9218-0019bb4983d8",
        "schema_id": "c4a30bc6-bd5c-11eb-a3da-d6270330280e"
      },
      {
        "__entity_type__": "SchemaStatus",
        "status_id": "9bb65936-88e7-11e3-9264-04011030cf01",
        "schema_id": "c4a30bc6-bd5c-11eb-a3da-d6270330280e"
      }
    ],
    "types": [
      {
        "__entity_type__": "SchemaType",
        "type_id": "66d145f0-13c6-11e3-abf2-f23c91dfaa16",
        "schema_id": "c4a30bc6-bd5c-11eb-a3da-d6270330280e"
      },
      {
        "__entity_type__": "SchemaType",
        "type_id": "66d1aedc-13c6-11e3-abf2-f23c91dfaa16",
        "schema_id": "c4a30bc6-bd5c-11eb-a3da-d6270330280e"
      },
      {
        "__entity_type__": "SchemaType",
        "type_id": "66d1daba-13c6-11e3-abf2-f23c91dfaa16",
        "schema_id": "c4a30bc6-bd5c-11eb-a3da-d6270330280e"
      }
    ],
    "type_id": "4be63b64-5010-42fb-bf1f-428af9d638f0",
    "object_type_id": "4be63b64-5010-42fb-bf1f-428af9d638f0",
    "project_schema_id": "d735496c-bd5b-11eb-8fe6-d6270330280e"
  },
  {
    "__entity_type__": "Schema",
    "id": "c9a1a878-6af3-11eb-b477-169be7b6c453",
    "statuses": [
      {
        "__entity_type__": "SchemaStatus",
        "status_id": "44dd9fb2-4164-11df-9218-0019bb4983d8",
        "schema_id": "c9a1a878-6af3-11eb-b477-169be7b6c453"
      },
      {
        "__entity_type__": "SchemaStatus",
        "status_id": "44ddd0fe-4164-11df-9218-0019bb4983d8",
        "schema_id": "c9a1a878-6af3-11eb-b477-169be7b6c453"
      },
      {
        "__entity_type__": "SchemaStatus",
        "status_id": "9bb65936-88e7-11e3-9264-04011030cf01",
        "schema_id": "c9a1a878-6af3-11eb-b477-169be7b6c453"
      }
    ],
    "types": [
      {
        "__entity_type__": "SchemaType",
        "type_id": "66d145f0-13c6-11e3-abf2-f23c91dfaa16",
        "schema_id": "c9a1a878-6af3-11eb-b477-169be7b6c453"
      },
      {
        "__entity_type__": "SchemaType",
        "type_id": "66d1aedc-13c6-11e3-abf2-f23c91dfaa16",
        "schema_id": "c9a1a878-6af3-11eb-b477-169be7b6c453"
      },
      {
        "__entity_type__": "SchemaType",
        "type_id": "66d1daba-13c6-11e3-abf2-f23c91dfaa16",
        "schema_id": "c9a1a878-6af3-11eb-b477-169be7b6c453"
      }
    ],
    "type_id": "4be63b64-5010-42fb-bf1f-428af9d638f0",
    "object_type_id": "4be63b64-5010-42fb-bf1f-428af9d638f0",
    "project_schema_id": "9c77018e-6af0-11eb-b045-169be7b6c453"
  },
  {
    "__entity_type__": "Schema",
    "id": "ca657fc6-6af5-11eb-bb52-169be7b6c453",
    "statuses": [
      {
        "__entity_type__": "SchemaStatus",
        "status_id": "44dd9fb2-4164-11df-9218-0019bb4983d8",
        "schema_id": "ca657fc6-6af5-11eb-bb52-169be7b6c453"
      },
      {
        "__entity_type__": "SchemaStatus",
        "status_id": "44ddd0fe-4164-11df-9218-0019bb4983d8",
        "schema_id": "ca657fc6-6af5-11eb-bb52-169be7b6c453"
      },
      {
        "__entity_type__": "SchemaStatus",
        "status_id": "9bb65936-88e7-11e3-9264-04011030cf01",
        "schema_id": "ca657fc6-6af5-11eb-bb52-169be7b6c453"
      }
    ],
    "types": [
      {
        "__entity_type__": "SchemaType",
        "type_id": "262225e8-9dcb-11e9-82b8-d27cf242b68b",
        "schema_id": "ca657fc6-6af5-11eb-bb52-169be7b6c453"
      },
      {
        "__entity_type__": "SchemaType",
        "type_id": "44dc3636-4164-11df-9218-0019bb4983d8",
        "schema_id": "ca657fc6-6af5-11eb-bb52-169be7b6c453"
      },
      {
        "__entity_type__": "SchemaType",
        "type_id": "44dc53c8-4164-11df-9218-0019bb4983d8",
        "schema_id": "ca657fc6-6af5-11eb-bb52-169be7b6c453"
      },
      {
        "__entity_type__": "SchemaType",
        "type_id": "44dc8cd0-4164-11df-9218-0019bb4983d8",
        "schema_id": "ca657fc6-6af5-11eb-bb52-169be7b6c453"
      },
      {
        "__entity_type__": "SchemaType",
        "type_id": "44dd08fe-4164-11df-9218-0019bb4983d8",
        "schema_id": "ca657fc6-6af5-11eb-bb52-169be7b6c453"
      },
      {
        "__entity_type__": "SchemaType",
        "type_id": "44dd23b6-4164-11df-9218-0019bb4983d8",
        "schema_id": "ca657fc6-6af5-11eb-bb52-169be7b6c453"
      },
      {
        "__entity_type__": "SchemaType",
        "type_id": "44dd5868-4164-11df-9218-0019bb4983d8",
        "schema_id": "ca657fc6-6af5-11eb-bb52-169be7b6c453"
      },
      {
        "__entity_type__": "SchemaType",
        "type_id": "56807358-a0f4-11e9-9843-d27cf242b68b",
        "schema_id": "ca657fc6-6af5-11eb-bb52-169be7b6c453"
      },
      {
        "__entity_type__": "SchemaType",
        "type_id": "a750a84f-b253-11eb-ad41-1e003a0c2434",
        "schema_id": "ca657fc6-6af5-11eb-bb52-169be7b6c453"
      },
      {
        "__entity_type__": "SchemaType",
        "type_id": "ae1e2480-f24e-11e2-bd1f-f23c91dfaa16",
        "schema_id": "ca657fc6-6af5-11eb-bb52-169be7b6c453"
      },
      {
        "__entity_type__": "SchemaType",
        "type_id": "b628a004-ad7d-11e1-896c-f23c91df1211",
        "schema_id": "ca657fc6-6af5-11eb-bb52-169be7b6c453"
      },
      {
        "__entity_type__": "SchemaType",
        "type_id": "cc46c4c6-13d2-11e3-8915-f23c91dfaa16",
        "schema_id": "ca657fc6-6af5-11eb-bb52-169be7b6c453"
      },
      {
        "__entity_type__": "SchemaType",
        "type_id": "ffaebf7a-9dca-11e9-8346-d27cf242b68b",
        "schema_id": "ca657fc6-6af5-11eb-bb52-169be7b6c453"
      }
    ],
    "type_id": "01decdd1-51cb-11e3-9d5b-20c9d0831e59",
    "object_type_id": "01decdd1-51cb-11e3-9d5b-20c9d0831e59",
    "project_schema_id": "9c77018e-6af0-11eb-b045-169be7b6c453"
  },
  {
    "__entity_type__": "Schema",
    "id": "ce184c56-465f-11ed-91db-ca81394198b0",
    "statuses": [
      {
        "__entity_type__": "SchemaStatus",
        "status_id": "44dd9fb2-4164-11df-9218-0019bb4983d8",
        "schema_id": "ce184c56-465f-11ed-91db-ca81394198b0"
      },
      {
        "__entity_type__": "SchemaStatus",
        "status_id": "44ddd0fe-4164-11df-9218-0019bb4983d8",
        "schema_id": "ce184c56-465f-11ed-91db-ca81394198b0"
      },
      {
        "__entity_type__": "SchemaStatus",
        "status_id": "9bb65936-88e7-11e3-9264-04011030cf01",
        "schema_id": "ce184c56-465f-11ed-91db-ca81394198b0"
      }
    ],
    "types": [
      {
        "__entity_type__": "SchemaType",
        "type_id": "ae1e2480-f24e-11e2-bd1f-f23c91dfaa16",
        "schema_id": "ce184c56-465f-11ed-91db-ca81394198b0"
      }
    ],
    "type_id": "01decdd1-51cb-11e3-9d5b-20c9d0831e59",
    "object_type_id": "01decdd1-51cb-11e3-9d5b-20c9d0831e59",
    "project_schema_id": "05dece3c-40cd-11ed-a028-8e70b81a65da"
  },
  {
    "__entity_type__": "Schema",
    "id": "e862f65c-bd5c-11eb-96ea-d6270330280e",
    "statuses": [
      {
        "__entity_type__": "SchemaStatus",
        "status_id": "44dd9fb2-4164-11df-9218-0019bb4983d8",
        "schema_id": "e862f65c-bd5c-11eb-96ea-d6270330280e"
      },
      {
        "__entity_type__": "SchemaStatus",
        "status_id": "44ddd0fe-4164-11df-9218-0019bb4983d8",
        "schema_id": "e862f65c-bd5c-11eb-96ea-d6270330280e"
      },
      {
        "__entity_type__": "SchemaStatus",
        "status_id": "9bb65936-88e7-11e3-9264-04011030cf01",
        "schema_id": "e862f65c-bd5c-11eb-96ea-d6270330280e"
      }
    ],
    "types": [
      {
        "__entity_type__": "SchemaType",
        "type_id": "262225e8-9dcb-11e9-82b8-d27cf242b68b",
        "schema_id": "e862f65c-bd5c-11eb-96ea-d6270330280e"
      },
      {
        "__entity_type__": "SchemaType",
        "type_id": "44dc53c8-4164-11df-9218-0019bb4983d8",
        "schema_id": "e862f65c-bd5c-11eb-96ea-d6270330280e"
      },
      {
        "__entity_type__": "SchemaType",
        "type_id": "44dc8cd0-4164-11df-9218-0019bb4983d8",
        "schema_id": "e862f65c-bd5c-11eb-96ea-d6270330280e"
      },
      {
        "__entity_type__": "SchemaType",
        "type_id": "a750a84f-b253-11eb-ad41-1e003a0c2434",
        "schema_id": "e862f65c-bd5c-11eb-96ea-d6270330280e"
      },
      {
        "__entity_type__": "SchemaType",
        "type_id": "ae1e2480-f24e-11e2-bd1f-f23c91dfaa16",
        "schema_id": "e862f65c-bd5c-11eb-96ea-d6270330280e"
      },
      {
        "__entity_type__": "SchemaType",
        "type_id": "b628a004-ad7d-11e1-896c-f23c91df1211",
        "schema_id": "e862f65c-bd5c-11eb-96ea-d6270330280e"
      }
    ],
    "type_id": "01decdd1-51cb-11e3-9d5b-20c9d0831e59",
    "object_type_id": "01decdd1-51cb-11e3-9d5b-20c9d0831e59",
    "project_schema_id": "d735496c-bd5b-11eb-8fe6-d6270330280e"
  }
]
