[
  {
    "__entity_type__": "ProjectSchema",
    "id": "05dece3c-40cd-11ed-a028-8e70b81a65da",
    "_task_type_schema": {
      "__entity_type__": "TaskTypeSchema",
      "id": "05dee0c0-40cd-11ed-a028-8e70b81a65da"
    },
    "task_type_schema": {
      "__entity_type__": "TaskTypeSchema",
      "id": "05dee0c0-40cd-11ed-a028-8e70b81a65da"
    },
    "_task_workflow": {
      "__entity_type__": "WorkflowSchema",
      "id": "05ded38c-40cd-11ed-a028-8e70b81a65da"
    },
    "task_workflow_schema": {
      "__entity_type__": "WorkflowSchema",
      "id": "05ded38c-40cd-11ed-a028-8e70b81a65da"
    },
    "_version_workflow": {
      "__entity_type__": "WorkflowSchema",
      "id": "05deda8a-40cd-11ed-a028-8e70b81a65da"
    },
    "asset_version_workflow_schema": {
      "__entity_type__": "WorkflowSchema",
      "id": "05deda8a-40cd-11ed-a028-8e70b81a65da"
    },
    "object_types": [
      {
        "__entity_type__": "ObjectType",
        "id": "01decdd1-51cb-11e3-9d5b-20c9d0831e59"
      },
      {
        "__entity_type__": "ObjectType",
        "id": "11c137c0-ee7e-4f9c-91c5-8c77cec22b2c"
      },
      {
        "__entity_type__": "ObjectType",
        "id": "3c133785-51cb-11e3-980a-20c9d0831e59"
      },
      {
        "__entity_type__": "ObjectType",
        "id": "4be63b64-5010-42fb-bf1f-428af9d638f0"
      }
    ],
    "name": "Model production",
    "_overrides": [],
    "task_workflow_schema_overrides": [],
    "task_templates": [
      {
        "__entity_type__": "TaskTemplate",
        "id": "9ec25d3e-465f-11ed-91db-ca81394198b0"
      }
    ],
    "_schemas": [
      {
        "__entity_type__": "Schema",
        "id": "62641400-40cd-11ed-a028-8e70b81a65da"
      },
      {
        "__entity_type__": "Schema",
        "id": "ce184c56-465f-11ed-91db-ca81394198b0"
      }
    ],
    "object_type_schemas": [
      {
        "__entity_type__": "Schema",
        "id": "62641400-40cd-11ed-a028-8e70b81a65da"
      },
      {
        "__entity_type__": "Schema",
        "id": "ce184c56-465f-11ed-91db-ca81394198b0"
      }
    ]
  },
  {
    "__entity_type__": "ProjectSchema",
    "id": "9c77018e-6af0-11eb-b045-169be7b6c453",
    "_task_type_schema": {
      "__entity_type__": "TaskTypeSchema",
      "id": "9c772d44-6af0-11eb-b045-169be7b6c453"
    },
    "task_type_schema": {
      "__entity_type__": "TaskTypeSchema",
      "id": "9c772d44-6af0-11eb-b045-169be7b6c453"
    },
    "_task_workflow": {
      "__entity_type__": "WorkflowSchema",
      "id": "9c7709f4-6af0-11eb-b045-169be7b6c453"
    },
    "task_workflow_schema": {
      "__entity_type__": "WorkflowSchema",
      "id": "9c7709f4-6af0-11eb-b045-169be7b6c453"
    },
    "_version_workflow": {
      "__entity_type__": "WorkflowSchema",
      "id": "9c771b42-6af0-11eb-b045-169be7b6c453"
    },
    "asset_version_workflow_schema": {
      "__entity_type__": "WorkflowSchema",
      "id": "9c771b42-6af0-11eb-b045-169be7b6c453"
    },
    "object_types": [
      {
        "__entity_type__": "ObjectType",
        "id": "01decdd1-51cb-11e3-9d5b-20c9d0831e59"
      },
      {
        "__entity_type__": "ObjectType",
        "id": "11c137c0-ee7e-4f9c-91c5-8c77cec22b2c"
      },
      {
        "__entity_type__": "ObjectType",
        "id": "22139355-61da-4c8f-9db4-3abc870166bc"
      },
      {
        "__entity_type__": "ObjectType",
        "id": "3c133785-51cb-11e3-980a-20c9d0831e59"
      },
      {
        "__entity_type__": "ObjectType",
        "id": "4be63b64-5010-42fb-bf1f-428af9d638f0"
      },
      {
        "__entity_type__": "ObjectType",
        "id": "bad911de-3bd6-47b9-8b46-3476e237cb36"
      },
      {
        "__entity_type__": "ObjectType",
        "id": "e5139355-61da-4c8f-9db4-3abc870166bc"
      }
    ],
    "name": "Animation",
    "_overrides": [],
    "task_workflow_schema_overrides": [],
    "task_templates": [
      {
        "__entity_type__": "TaskTemplate",
        "id": "5c17bd97-b255-11eb-b8f6-1e003a0c2434"
      },
      {
        "__entity_type__": "TaskTemplate",
        "id": "a48f77d9-b255-11eb-930d-1e003a0c2434"
      }
    ],
    "_schemas": [
      {
        "__entity_type__": "Schema",
        "id": "45b4130c-6af3-11eb-b477-169be7b6c453"
      },
      {
        "__entity_type__": "Schema",
        "id": "685ebee0-40ce-11ed-a028-8e70b81a65da"
      },
      {
        "__entity_type__": "Schema",
        "id": "c9a1a878-6af3-11eb-b477-169be7b6c453"
      },
      {
        "__entity_type__": "Schema",
        "id": "ca657fc6-6af5-11eb-bb52-169be7b6c453"
      }
    ],
    "object_type_schemas": [
      {
        "__entity_type__": "Schema",
        "id": "45b4130c-6af3-11eb-b477-169be7b6c453"
      },
      {
        "__entity_type__": "Schema",
        "id": "685ebee0-40ce-11ed-a028-8e70b81a65da"
      },
      {
        "__entity_type__": "Schema",
        "id": "c9a1a878-6af3-11eb-b477-169be7b6c453"
      },
      {
        "__entity_type__": "Schema",
        "id": "ca657fc6-6af5-11eb-bb52-169be7b6c453"
      }
    ]
  },
  {
    "__entity_type__": "ProjectSchema",
    "id": "caddd816-acb5-11e1-8668-f23c91df1211",
    "_task_type_schema": {
      "__entity_type__": "TaskTypeSchema",
      "id": "cadd9e5a-acb5-11e1-8668-f23c91df1211"
    },
    "task_type_schema": {
      "__entity_type__": "TaskTypeSchema",
      "id": "cadd9e5a-acb5-11e1-8668-f23c91df1211"
    },
    "_task_workflow": {
      "__entity_type__": "WorkflowSchema",
      "id": "cadb0afa-acb5-11e1-8668-f23c91df1211"
    },
    "task_workflow_schema": {
      "__entity_type__": "WorkflowSchema",
      "id": "cadb0afa-acb5-11e1-8668-f23c91df1211"
    },
    "_version_workflow": {
      "__entity_type__": "WorkflowSchema",
      "id": "cadb4c0e-acb5-11e1-8668-f23c91df1211"
    },
    "asset_version_workflow_schema": {
      "__entity_type__": "WorkflowSchema",
      "id": "cadb4c0e-acb5-11e1-8668-f23c91df1211"
    },
    "object_types": [
      {
        "__entity_type__": "ObjectType",
        "id": "01decdd1-51cb-11e3-9d5b-20c9d0831e59"
      },
      {
        "__entity_type__": "ObjectType",
        "id": "11c137c0-ee7e-4f9c-91c5-8c77cec22b2c"
      },
      {
        "__entity_type__": "ObjectType",
        "id": "22139355-61da-4c8f-9db4-3abc870166bc"
      },
      {
        "__entity_type__": "ObjectType",
        "id": "3c133785-51cb-11e3-980a-20c9d0831e59"
      },
      {
        "__entity_type__": "ObjectType",
        "id": "4be63b64-5010-42fb-bf1f-428af9d638f0"
      },
      {
        "__entity_type__": "ObjectType",
        "id": "bad911de-3bd6-47b9-8b46-3476e237cb36"
      },
      {
        "__entity_type__": "ObjectType",
        "id": "e5139355-61da-4c8f-9db4-3abc870166bc"
      }
    ],
    "name": "VFX",
    "_overrides": [],
    "task_workflow_schema_overrides": [],
    "task_templates": [
      {
        "__entity_type__": "TaskTemplate",
        "id": "49fce0de-7930-11ea-87b0-f62fd0b54a87"
      },
      {
        "__entity_type__": "TaskTemplate",
        "id": "a3f0ef82-ee58-11e2-91e2-f23c91dfaa16"
      }
    ],
    "_schemas": [
      {
        "__entity_type__": "Schema",
        "id": "22e77f90-57c5-11e5-8a87-42010af0e994"
      },
      {
        "__entity_type__": "Schema",
        "id": "22edfc08-57c5-11e5-8a87-42010af0e994"
      },
      {
        "__entity_type__": "Schema",
        "id": "66d53188-13c6-11e3-abf2-f23c91dfaa16"
      },
      {
        "__entity_type__": "Schema",
        "id": "685ec2dc-40ce-11ed-a028-8e70b81a65da"
      }
    ],
    "object_type_schemas": [
      {
        "__entity_type__": "Schema",
        "id": "22e77f90-57c5-11e5-8a87-42010af0e994"
      },
      {
        "__entity_type__": "Schema",
        "id": "22edfc08-57c5-11e5-8a87-42010af0e994"
      },
      {
        "__entity_type__": "Schema",
        "id": "66d53188-13c6-11e3-abf2-f23c91dfaa16"
      },
      {
        "__entity_type__": "Schema",
        "id": "685ec2dc-40ce-11ed-a028-8e70b81a65da"
      }
    ]
  },
  {
    "__entity_type__": "ProjectSchema",
    "id": "d735496c-bd5b-11eb-8fe6-d6270330280e",
    "_task_type_schema": {
      "__entity_type__": "TaskTypeSchema",
      "id": "d7355e70-bd5b-11eb-8fe6-d6270330280e"
    },
    "task_type_schema": {
      "__entity_type__": "TaskTypeSchema",
      "id": "d7355e70-bd5b-11eb-8fe6-d6270330280e"
    },
    "_task_workflow": {
      "__entity_type__": "WorkflowSchema",
      "id": "d7354f98-bd5b-11eb-8fe6-d6270330280e"
    },
    "task_workflow_schema": {
      "__entity_type__": "WorkflowSchema",
      "id": "d7354f98-bd5b-11eb-8fe6-d6270330280e"
    },
    "_version_workflow": {
      "__entity_type__": "WorkflowSchema",
      "id": "d7355858-bd5b-11eb-8fe6-d6270330280e"
    },
    "asset_version_workflow_schema": {
      "__entity_type__": "WorkflowSchema",
      "id": "d7355858-bd5b-11eb-8fe6-d6270330280e"
    },
    "object_types": [
      {
        "__entity_type__": "ObjectType",
        "id": "01decdd1-51cb-11e3-9d5b-20c9d0831e59"
      },
      {
        "__entity_type__": "ObjectType",
        "id": "11c137c0-ee7e-4f9c-91c5-8c77cec22b2c"
      },
      {
        "__entity_type__": "ObjectType",
        "id": "34b122f0-bd5c-11eb-96ea-d6270330280e"
      },
      {
        "__entity_type__": "ObjectType",
        "id": "3c133785-51cb-11e3-980a-20c9d0831e59"
      },
      {
        "__entity_type__": "ObjectType",
        "id": "4721f72a-bd5c-11eb-a3da-d6270330280e"
      },
      {
        "__entity_type__": "ObjectType",
        "id": "4be63b64-5010-42fb-bf1f-428af9d638f0"
      },
      {
        "__entity_type__": "ObjectType",
        "id": "bad911de-3bd6-47b9-8b46-3476e237cb36"
      },
      {
        "__entity_type__": "ObjectType",
        "id": "efb7d34c-bd5b-11eb-86a7-d6270330280e"
      }
    ],
    "name": "Media production",
    "_overrides": [],
    "task_workflow_schema_overrides": [],
    "task_templates": [
      {
        "__entity_type__": "TaskTemplate",
        "id": "fadaab54-bd5c-11eb-a736-d6270330280e"
      }
    ],
    "_schemas": [
      {
        "__entity_type__": "Schema",
        "id": "a9e41ce4-bd5c-11eb-aa52-d6270330280e"
      },
      {
        "__entity_type__": "Schema",
        "id": "afeb7934-bd5c-11eb-bf2f-d6270330280e"
      },
      {
        "__entity_type__": "Schema",
        "id": "c4a30bc6-bd5c-11eb-a3da-d6270330280e"
      },
      {
        "__entity_type__": "Schema",
        "id": "e862f65c-bd5c-11eb-96ea-d6270330280e"
      }
    ],
    "object_type_schemas": [
      {
        "__entity_type__": "Schema",
        "id": "a9e41ce4-bd5c-11eb-aa52-d6270330280e"
      },
      {
        "__entity_type__": "Schema",
        "id": "afeb7934-bd5c-11eb-bf2f-d6270330280e"
      },
      {
        "__entity_type__": "Schema",
        "id": "c4a30bc6-bd5c-11eb-a3da-d6270330280e"
      },
      {
        "__entity_type__": "Schema",
        "id": "e862f65c-bd5c-11eb-96ea-d6270330280e"
      }
    ]
  }
]
