// :copyright: Copyright (c) 2023 ftrack

// Generated on 2023-02-01T00:00:00.000Z using schema
// from an instance running version 4.13.8 using server on https://ftrack.example.com
// Not intended to modify manually

export interface TypedContext<
  K extends TypedContextSubtype = TypedContextSubtype
> {
  __entity_type__?: K;
  __permissions?: Record<string, any>;
}
export interface BasicLink {
  id: string;
  type: string;
  name: string;
}
export interface EntityTypeMap {
  TypedContext: TypedContext;
}
export type EntityType = keyof EntityTypeMap;
export type EntityData<TEntityType extends EntityType = EntityType> =
  EntityTypeMap[TEntityType];
export interface TypedContextSubtypeMap {
  TypedContext: TypedContext;
}
export type TypedContextSubtype = keyof TypedContextSubtypeMap;
export function getAttributeConfigurations() {
  return [] as const;
}

export type CustomAttributeConfiguration = ReturnType<
  typeof getAttributeConfigurations
>[number];
export type CustomAttributeConfigurationName =
  CustomAttributeConfiguration["name"];
export type CustomAttributeConfigurationLabel =
  CustomAttributeConfiguration["label"];

export function getTypes() {
  return [] as const;
}

export type Type = ReturnType<typeof getTypes>[number];
export type TypeName = Type["name"];

export function getObjectTypes() {
  return [
    {
      name: "Folder",
      isTimeReportable: false,
      isTaskable: true,
      isTypeable: false,
      isStatusable: false,
      isSchedulable: false,
      isPrioritizable: true,
      isLeaf: false,
    },
    {
      name: "Asset Build",
      isTimeReportable: false,
      isTaskable: true,
      isTypeable: true,
      isStatusable: true,
      isSchedulable: false,
      isPrioritizable: true,
      isLeaf: false,
    },
    {
      name: "Episode",
      isTimeReportable: false,
      isTaskable: true,
      isTypeable: false,
      isStatusable: true,
      isSchedulable: false,
      isPrioritizable: true,
      isLeaf: false,
    },
    {
      name: "Scene",
      isTimeReportable: false,
      isTaskable: true,
      isTypeable: false,
      isStatusable: true,
      isSchedulable: false,
      isPrioritizable: false,
      isLeaf: false,
    },
    {
      name: "Sequence",
      isTimeReportable: false,
      isTaskable: true,
      isTypeable: false,
      isStatusable: false,
      isSchedulable: false,
      isPrioritizable: true,
      isLeaf: false,
    },
    {
      name: "Shot",
      isTimeReportable: false,
      isTaskable: true,
      isTypeable: false,
      isStatusable: true,
      isSchedulable: false,
      isPrioritizable: true,
      isLeaf: false,
    },
    {
      name: "Milestone",
      isTimeReportable: false,
      isTaskable: false,
      isTypeable: true,
      isStatusable: true,
      isSchedulable: true,
      isPrioritizable: true,
      isLeaf: true,
    },
    {
      name: "Task",
      isTimeReportable: true,
      isTaskable: false,
      isTypeable: true,
      isStatusable: true,
      isSchedulable: true,
      isPrioritizable: true,
      isLeaf: true,
    },
    {
      name: "Image",
      isTimeReportable: false,
      isTaskable: true,
      isTypeable: false,
      isStatusable: false,
      isSchedulable: false,
      isPrioritizable: false,
      isLeaf: false,
    },
    {
      name: "Information",
      isTimeReportable: false,
      isTaskable: true,
      isTypeable: false,
      isStatusable: false,
      isSchedulable: false,
      isPrioritizable: false,
      isLeaf: false,
    },
  ] as const;
}

export type ObjectType = ReturnType<typeof getObjectTypes>[number];
export type ObjectTypeName = ObjectType["name"];

export function getProjectSchemas() {
  return [] as const;
}

export type ProjectSchema = ReturnType<typeof getProjectSchemas>[number];
export type ProjectName = ProjectSchema["name"];

// Errors:
