// :copyright: Copyright (c) 2023 ftrack

// Generated on 2023-02-01T00:00:00.000Z using schema
// from an instance running version 4.13.8 using server on https://ftrack.example.com
// Not intended to modify manually

export interface TypedContext<
  K extends TypedContextSubtype = TypedContextSubtype
> {
  __entity_type__?: K;
  __permissions?: Record<string, any>;
}
export type SomeInterfaceName = TypedContext<"SomeInterfaceName">;
export interface BasicLink {
  id: string;
  type: string;
  name: string;
}
declare module "@ftrack/api" {
  export interface ExtendibleEntityTypeMap {
    TypedContext: TypedContext;
    SomeInterfaceName: SomeInterfaceName;
  }
}
export interface TypedContextSubtypeMap {
  TypedContext: TypedContext;
  SomeInterfaceName: SomeInterfaceName;
}
export type TypedContextSubtype = keyof TypedContextSubtypeMap;
export function getAttributeConfigurations() {
  return [] as const;
}

export type RuntimeCustomAttributeConfiguration = ReturnType<
  typeof getAttributeConfigurations
>[number];
export type RuntimeCustomAttributeConfigurationName =
  RuntimeCustomAttributeConfiguration["name"];
export type RuntimeCustomAttributeConfigurationLabel =
  RuntimeCustomAttributeConfiguration["label"];

export function getTypes() {
  return [] as const;
}

export type RuntimeType = ReturnType<typeof getTypes>[number];
export type RuntimeTypeName = RuntimeType["name"];

export function getObjectTypes() {
  return [] as const;
}

export type RuntimeObjectType = ReturnType<typeof getObjectTypes>[number];
export type RuntimeObjectTypeName = RuntimeObjectType["name"];

export function getProjectSchemas() {
  return [] as const;
}

export type RuntimeProjectSchema = ReturnType<typeof getProjectSchemas>[number];
export type RuntimeProjectSchemaName = RuntimeProjectSchema["name"];

// Errors:
