// :copyright: Copyright (c) 2023 ftrack

// Generated on 2023-01-31T23:00:00.000Z using schema
// from an instance running version 4.13.8 using server on https://ftrack.example.com
// Not intended to modify manually

export interface TypedContext<
  K extends TypedContextSubtype = TypedContextSubtype
> {
  __entity_type__?: K;
  __permissions?: Record<string, any>;
}
export interface SomeInterfaceName {
  arrayProperty?: ArrayItem[];
  mappedArrayProperty?: ArrayItem[];
  __entity_type__?: "SomeInterfaceName";
  __permissions?: Record<string, any>;
}
export interface ArrayItem {
  __entity_type__?: "ArrayItem";
  __permissions?: Record<string, any>;
}
export interface BasicLink {
  id: string;
  type: string;
  name: string;
}
export interface EntityTypeMap {
  TypedContext: TypedContext;
  SomeInterfaceName: SomeInterfaceName;
  ArrayItem: ArrayItem;
}
export type EntityType = keyof EntityTypeMap;
export type EntityData<TEntityType extends EntityType = EntityType> =
  EntityTypeMap[TEntityType];
export interface TypedContextSubtypeMap {
  TypedContext: TypedContext;
}
export type TypedContextSubtype = keyof TypedContextSubtypeMap;
export function getAttributeConfigurations() {
  return [] as const;
}

export type CustomAttributeConfiguration = ReturnType<
  typeof getAttributeConfigurations
>[number];
export type CustomAttributeConfigurationName =
  CustomAttributeConfiguration["name"];
export type CustomAttributeConfigurationLabel =
  CustomAttributeConfiguration["label"];

export function getTypes() {
  return [] as const;
}

export type Type = ReturnType<typeof getTypes>[number];
export type TypeName = Type["name"];

export function getObjectTypes() {
  return [] as const;
}

export type ObjectType = ReturnType<typeof getObjectTypes>[number];
export type ObjectTypeName = ObjectType["name"];

export function getProjectSchemas() {
  return [] as const;
}

export type ProjectSchema = ReturnType<typeof getProjectSchemas>[number];
export type ProjectName = ProjectSchema["name"];

// Errors:
